2025-11-30 17:35:17 - Section [freedi] not found in the printer.cfg. - WARNING
2025-11-30 17:35:17 - Using freedi.cfg instead of printer.cfg. - WARNING
2025-11-30 17:35:17 - Source file not found: /home/mks/FreeDi/klipper_module/qidi_auto_z_offset/auto_z_offset.pyfreedi_hall_filament_width_sensor.py - WARNING
2025-11-30 17:35:18 - Display firmware v2.02 is below required v2.05. Searching for updates... - WARNING
2025-11-30 17:35:18 - Printer model unknown, trying to determine it... - WARNING
2025-11-30 17:40:04 - Wizard page not initiated, forwarding to wizard landing page - WARNING
2025-11-30 18:18:14 - Section [freedi] not found in the printer.cfg. - WARNING
2025-11-30 18:18:14 - Using freedi.cfg instead of printer.cfg. - WARNING
2025-11-30 18:18:14 - Source file not found: /home/mks/FreeDi/klipper_module/qidi_auto_z_offset/auto_z_offset.pyfreedi_hall_filament_width_sensor.py - WARNING
2025-11-30 18:18:15 - Wizard page not initiated, forwarding to wizard landing page - WARNING
2025-11-30 18:22:31 - WebSocket connection lost, restarting... - WARNING
2025-11-30 18:22:33 - WebSocket connection error: [Errno 111] Connection refused - ERROR
2025-11-30 18:22:35 - Klipper state: error, Error message: mcu 'Toolhead': Unable to connect
Once the underlying issue is corrected, use the
"FIRMWARE_RESTART" command to reset the firmware, reload the
config, and restart the host software.
Error configuring printer
 - ERROR
2025-11-30 18:22:43 - Wizard page not initiated, forwarding to wizard landing page - WARNING
2025-11-30 18:26:17 - Section [freedi] not found in the printer.cfg. - WARNING
2025-11-30 18:26:17 - Using freedi.cfg instead of printer.cfg. - WARNING
2025-11-30 18:26:17 - Source file not found: /home/mks/FreeDi/klipper_module/qidi_auto_z_offset/auto_z_offset.pyfreedi_hall_filament_width_sensor.py - WARNING
2025-11-30 18:26:17 - Klipper state: error, Error message: mcu 'Toolhead': Unable to connect
Once the underlying issue is corrected, use the
"FIRMWARE_RESTART" command to reset the firmware, reload the
config, and restart the host software.
Error configuring printer
 - ERROR
2025-11-30 18:26:18 - Wizard page not initiated, forwarding to wizard landing page - WARNING
2025-12-02 06:02:10 - Section [freedi] not found in the printer.cfg. - WARNING
2025-12-02 06:02:10 - Using freedi.cfg instead of printer.cfg. - WARNING
2025-12-02 06:02:10 - Source file not found: /home/mks/FreeDi/klipper_module/qidi_auto_z_offset/auto_z_offset.pyfreedi_hall_filament_width_sensor.py - WARNING
2025-12-02 06:02:10 - Wizard page not initiated, forwarding to wizard landing page - WARNING
2025-12-02 06:08:23 - WebSocket connection lost, restarting... - WARNING
2025-12-02 06:08:25 - Klipper state: error, Error message: mcu 'Toolhead': Unable to connect
Once the underlying issue is corrected, use the
"FIRMWARE_RESTART" command to reset the firmware, reload the
config, and restart the host software.
Error configuring printer
 - ERROR
2025-12-02 06:08:35 - Wizard page not initiated, forwarding to wizard landing page - WARNING
2025-12-02 06:09:52 - Section [freedi] not found in the printer.cfg. - WARNING
2025-12-02 06:09:52 - Using freedi.cfg instead of printer.cfg. - WARNING
2025-12-02 06:09:52 - Source file not found: /home/mks/FreeDi/klipper_module/qidi_auto_z_offset/auto_z_offset.pyfreedi_hall_filament_width_sensor.py - WARNING
2025-12-02 06:09:53 - Wizard page not initiated, forwarding to wizard landing page - WARNING
2025-12-02 06:10:35 - WebSocket connection lost, restarting... - WARNING
2025-12-02 06:10:37 - Wizard page not initiated, forwarding to wizard landing page - WARNING
2025-12-02 06:10:51 - Section [freedi] not found in the printer.cfg. - WARNING
2025-12-02 06:10:51 - Using freedi.cfg instead of printer.cfg. - WARNING
2025-12-02 06:10:51 - Symlink for 'qidi_auto_z_offset/auto_z_offset.py' is missing - WARNING
2025-12-02 06:10:51 - Failed to repair symlink for 'qidi_auto_z_offset/auto_z_offset.py': [Errno 2] No such file or directory: '/home/mks/FreeDi/klipper_module/qidi_auto_z_offset/auto_z_offset.py' -> '/home/mks/klipper/klippy/extras/qidi_auto_z_offset/auto_z_offset.py' - ERROR
2025-12-02 06:10:51 - Symlink check failed. FreeDi cannot start properly. - ERROR
2025-12-02 06:10:51 - Please run the install.sh script manually or check permissions. - ERROR
2025-12-02 06:10:52 - Wizard page not initiated, forwarding to wizard landing page - WARNING
2025-12-02 13:30:02 - Section [freedi] not found in the printer.cfg. - WARNING
2025-12-02 13:30:02 - Using freedi.cfg instead of printer.cfg. - WARNING
2025-12-02 13:30:02 - Symlink for 'qidi_auto_z_offset/auto_z_offset.py' is missing - WARNING
2025-12-02 13:30:02 - Failed to repair symlink for 'qidi_auto_z_offset/auto_z_offset.py': [Errno 2] No such file or directory: '/home/mks/FreeDi/klipper_module/qidi_auto_z_offset/auto_z_offset.py' -> '/home/mks/klipper/klippy/extras/qidi_auto_z_offset/auto_z_offset.py' - ERROR
2025-12-02 13:30:02 - Symlink check failed. FreeDi cannot start properly. - ERROR
2025-12-02 13:30:02 - Please run the install.sh script manually or check permissions. - ERROR
2025-12-02 13:30:03 - Wizard page not initiated, forwarding to wizard landing page - WARNING
2026-01-01 22:08:08 - Section [freedi] not found in the printer.cfg. - WARNING
2026-01-01 22:08:08 - Using freedi.cfg instead of printer.cfg. - WARNING
2026-01-01 22:08:08 - Symlink for 'qidi_auto_z_offset/auto_z_offset.py' is missing - WARNING
2026-01-01 22:08:08 - Failed to repair symlink for 'qidi_auto_z_offset/auto_z_offset.py': [Errno 2] No such file or directory: '/home/mks/FreeDi/klipper_module/qidi_auto_z_offset/auto_z_offset.py' -> '/home/mks/klipper/klippy/extras/qidi_auto_z_offset/auto_z_offset.py' - ERROR
2026-01-01 22:08:08 - Symlink check failed. FreeDi cannot start properly. - ERROR
2026-01-01 22:08:08 - Please run the install.sh script manually or check permissions. - ERROR
2026-01-01 22:08:09 - Wizard page not initiated, forwarding to wizard landing page - WARNING
2026-01-01 22:24:40 - Wizard page not initiated, forwarding to wizard landing page - WARNING
2026-01-01 22:27:54 - WebSocket connection lost, restarting... - WARNING
2026-01-01 22:27:56 - Wizard page not initiated, forwarding to wizard landing page - WARNING
2026-01-01 22:37:20 - WebSocket connection lost, restarting... - WARNING
2026-01-01 22:37:23 - Wizard page not initiated, forwarding to wizard landing page - WARNING
2026-01-07 10:38:59 - Log file permissions fixed for user 'mks' - INFO
2026-01-07 10:38:59 - Section [freedi] not found in the printer.cfg. - INFO
2026-01-07 10:38:59 - Using freedi.cfg instead of printer.cfg. - INFO
2026-01-07 10:40:44 - Klipper state: error, Error message: Internal error during connect: Error loading template 'gcode_macro CHAMBER_TEMP_CONTROLLER:gcode'
line 21: {% endif %} # Encountered unknown tag 'endif'.

Once the underlying issue is corrected, use the "RESTART"
command to reload the config and restart the host software.
Printer is halted
 - ERROR
2026-01-07 10:40:45 - Display firmware v2.06 is below required v2.08. Searching for updates... - WARNING
2026-01-07 10:40:45 - Printer model unknown, trying to determine it... - WARNING
2026-01-07 10:45:29 - Wizard page not initiated, forwarding to wizard landing page - WARNING
2026-01-07 10:50:31 - Log file permissions fixed for user 'mks' - INFO
2026-01-07 10:50:45 - Log file permissions fixed for user 'mks' - INFO
2026-01-07 10:50:45 - Section [freedi] not found in the printer.cfg. - INFO
2026-01-07 10:50:45 - Using freedi.cfg instead of printer.cfg. - INFO
2026-01-07 10:50:45 - Connecting to Moonraker at ws://127.0.0.1:7125/websocket - INFO
2026-01-07 10:50:45 - Checking klipper module symlinks... - INFO
2026-01-07 10:50:45 - Symlink check passed! - INFO
2026-01-07 10:50:45 - Websocket connected - INFO
2026-01-07 10:50:45 - Moonraker connection opened at ws://127.0.0.1:7125/websocket - INFO
2026-01-07 10:50:46 - Display firmware: v2.08 - INFO
2026-01-07 10:50:46 - LCD firmware is OK - INFO
2026-01-07 10:50:46 - Software version: v2.08 stable - INFO
2026-01-07 10:50:46 - Printer model: unknown - INFO
2026-01-07 10:50:46 - Printer volume: 307x325x285 - INFO
2026-01-07 10:50:46 - Klipper version: v0.13.0-190-g5eb07966-dirty - INFO
2026-01-07 10:50:46 - Wizard page not initiated, forwarding to wizard landing page - WARNING
2026-01-07 10:52:17 - Klipper state notification: notify_klippy_disconnected - INFO
2026-03-23 03:03:39 - Display firmware v0 is below required v2.08. Searching for updates... - WARNING
2026-03-23 03:03:39 - Printer model unknown, trying to determine it... - WARNING
2026-03-23 03:08:37 - not found, reverting to initial 921600 - WARNING
2026-03-23 03:08:41 - Wizard page not initiated, forwarding to wizard landing page - WARNING
2026-03-23 03:08:41 - Wizard page not initiated, forwarding to wizard landing page - WARNING
2026-03-23 03:11:01 - Wizard page not initiated, forwarding to wizard landing page - WARNING
2026-03-23 03:15:41 - WebSocket connection lost, restarting... - WARNING
2026-03-23 03:15:44 - Wizard page not initiated, forwarding to wizard landing page - WARNING
2026-03-23 03:17:19 - Wizard page not initiated, forwarding to wizard landing page - WARNING
2026-03-23 03:18:21 - Wizard! (handling not implemented on software side) - WARNING
2026-03-23 04:09:29 - WebSocket connection lost, restarting... - WARNING
2026-03-23 04:09:31 - WebSocket connection error: [Errno 111] Connection refused - ERROR
2026-03-23 04:09:33 - WebSocket connection lost, restarting... - WARNING
2026-03-23 04:09:35 - Wizard page not initiated, forwarding to wizard landing page - WARNING
2026-03-23 04:10:57 - WebSocket connection lost, restarting... - WARNING
2026-03-23 04:10:59 - WebSocket connection error: [Errno 111] Connection refused - ERROR
2026-03-23 04:11:01 - WebSocket connection lost, restarting... - WARNING
2026-03-23 04:11:03 - Wizard page not initiated, forwarding to wizard landing page - WARNING
2026-03-23 04:11:07 - WebSocket connection lost, restarting... - WARNING
2026-03-23 04:11:09 - Wizard page not initiated, forwarding to wizard landing page - WARNING
2026-03-23 04:11:59 - WebSocket connection lost, restarting... - WARNING
2026-03-23 04:12:01 - Wizard page not initiated, forwarding to wizard landing page - WARNING
2026-03-23 04:16:05 - WebSocket connection lost, restarting... - WARNING
2026-03-23 04:16:07 - WebSocket connection error: [Errno 111] Connection refused - ERROR
2026-03-23 04:16:09 - WebSocket connection lost, restarting... - WARNING
2026-03-23 04:16:11 - Wizard page not initiated, forwarding to wizard landing page - WARNING
2026-03-23 04:20:29 - WebSocket connection lost, restarting... - WARNING
2026-03-23 04:20:31 - WebSocket connection error: [Errno 111] Connection refused - ERROR
2026-03-23 04:20:33 - WebSocket connection lost, restarting... - WARNING
2026-03-23 04:20:35 - Wizard page not initiated, forwarding to wizard landing page - WARNING
2026-03-23 04:30:35 - WebSocket connection lost, restarting... - WARNING
2026-03-23 04:30:37 - WebSocket connection error: [Errno 111] Connection refused - ERROR
2026-03-23 04:30:39 - Klipper state: error, Error message: Option 'toff' in section 'autotune_tmc extruder' must have minimum of 1

Once the underlying issue is corrected, use the "RESTART"
command to reload the config and restart the host software.
Printer is halted
 - ERROR
2026-03-23 04:30:47 - Wizard page not initiated, forwarding to wizard landing page - WARNING
2026-03-23 04:34:19 - WebSocket connection lost, restarting... - WARNING
2026-03-23 04:34:21 - Wizard page not initiated, forwarding to wizard landing page - WARNING
2026-03-23 04:46:41 - WebSocket connection lost, restarting... - WARNING
2026-03-23 04:46:43 - Wizard page not initiated, forwarding to wizard landing page - WARNING
2026-03-23 04:51:19 - WebSocket connection lost, restarting... - WARNING
2026-03-23 04:51:21 - WebSocket connection error: [Errno 111] Connection refused - ERROR
2026-03-23 04:51:23 - WebSocket connection lost, restarting... - WARNING
2026-03-23 04:51:25 - Wizard page not initiated, forwarding to wizard landing page - WARNING
2026-03-23 05:54:29 - WebSocket connection lost, restarting... - WARNING
2026-03-23 05:57:28 - Error at POST-Request: 400 Client Error: No Beacon model loaded for url: http://127.0.0.1:7125/printer/gcode/script - ERROR
2026-03-23 05:57:58 - Error at POST-Request: 400 Client Error: Must home axis first: 153.500 153.500 426.500 [0.000] for url: http://127.0.0.1:7125/printer/gcode/script - ERROR
2026-03-23 06:05:32 - WebSocket connection lost, restarting... - WARNING
2026-03-23 15:32:21 - WebSocket connection lost, restarting... - WARNING
2026-03-23 15:32:23 - WebSocket connection error: [Errno 111] Connection refused - ERROR
2026-03-23 15:32:25 - WebSocket connection lost, restarting... - WARNING
2026-03-23 15:33:43 - WebSocket connection lost, restarting... - WARNING
2026-03-23 15:33:46 - WebSocket connection error: [Errno 111] Connection refused - ERROR
2026-03-23 15:33:48 - WebSocket connection lost, restarting... - WARNING
2026-03-23 15:38:14 - WebSocket connection lost, restarting... - WARNING
2026-03-23 15:38:16 - WebSocket connection error: [Errno 111] Connection refused - ERROR
2026-03-23 15:38:18 - WebSocket connection lost, restarting... - WARNING
2026-03-24 03:34:36 - WebSocket connection lost, restarting... - WARNING
2026-03-24 04:01:32 - WebSocket connection lost, restarting... - WARNING
2026-03-24 04:17:18 - WebSocket connection lost, restarting... - WARNING
2026-03-24 04:23:46 - WebSocket connection lost, restarting... - WARNING
2026-03-24 05:27:28 - WebSocket connection lost, restarting... - WARNING
2026-03-24 06:18:15 - WebSocket connection lost, restarting... - WARNING
2026-03-24 17:17:59 - WebSocket connection lost, restarting... - WARNING
2026-03-24 17:55:07 - WebSocket connection lost, restarting... - WARNING
2026-03-24 20:20:50 - WebSocket connection lost, restarting... - WARNING
2026-03-24 20:20:52 - WebSocket connection error: [Errno 111] Connection refused - ERROR
2026-03-24 20:20:56 - Klipper state: error, Error message: Option 'is_non_critical' is not valid in section 'beacon'

Once the underlying issue is corrected, use the "RESTART"
command to reload the config and restart the host software.
Printer is halted
 - ERROR
2026-03-24 21:29:23 - WebSocket connection lost, restarting... - WARNING
2026-03-25 05:27:06 - WebSocket connection lost, restarting... - WARNING
2026-03-25 05:29:52 - WebSocket connection lost, restarting... - WARNING
2026-03-25 05:39:22 - WebSocket connection lost, restarting... - WARNING
2026-03-25 21:28:15 - WebSocket connection lost, restarting... - WARNING
2026-03-25 21:34:34 - WebSocket connection lost, restarting... - WARNING
2026-03-25 22:00:00 - WebSocket connection lost, restarting... - WARNING
2026-03-26 03:59:58 - WebSocket connection lost, restarting... - WARNING
2026-03-26 05:00:21 - WebSocket connection lost, restarting... - WARNING
2026-03-26 05:42:49 - WebSocket connection lost, restarting... - WARNING
2026-03-26 06:00:09 - WebSocket connection lost, restarting... - WARNING
2026-03-26 06:12:49 - WebSocket connection lost, restarting... - WARNING
2026-03-26 06:14:29 - WebSocket connection lost, restarting... - WARNING
2026-03-26 06:38:15 - WebSocket connection lost, restarting... - WARNING
2026-03-26 06:39:39 - WebSocket connection lost, restarting... - WARNING
2026-03-26 13:39:39 - WebSocket connection lost, restarting... - WARNING
2026-03-26 15:50:22 - WebSocket connection lost, restarting... - WARNING
2026-03-26 15:50:24 - WebSocket connection error: [Errno 111] Connection refused - ERROR
2026-03-26 15:50:26 - WebSocket connection lost, restarting... - WARNING
2026-03-26 15:50:30 - WebSocket connection lost, restarting... - WARNING
2026-03-26 16:10:00 - WebSocket connection lost, restarting... - WARNING
2026-03-26 16:10:02 - WebSocket connection error: [Errno 111] Connection refused - ERROR
2026-03-26 16:10:04 - WebSocket connection lost, restarting... - WARNING
2026-03-28 04:09:19 - WebSocket connection lost, restarting... - WARNING
2026-03-28 04:30:15 - WebSocket connection lost, restarting... - WARNING
2026-03-28 04:45:25 - WebSocket connection lost, restarting... - WARNING
2026-03-28 04:52:11 - Error at POST-Request: 400 Client Error: Move out of range: 152.500 171.300 305.004 [-5.000] for url: http://127.0.0.1:7125/printer/gcode/script - ERROR
2026-03-28 05:03:55 - WebSocket connection lost, restarting... - WARNING
2026-03-28 05:06:43 - WebSocket connection lost, restarting... - WARNING
2026-03-28 05:12:40 - Error at POST-Request: 400 Client Error: Must home X and Y axes before homing Z for url: http://127.0.0.1:7125/printer/gcode/script - ERROR
2026-03-28 05:12:45 - Error at POST-Request: 400 Client Error: Must home X and Y axes before homing Z for url: http://127.0.0.1:7125/printer/gcode/script - ERROR
2026-03-28 05:12:47 - Error at POST-Request: 400 Client Error: Must home X and Y axes before homing Z for url: http://127.0.0.1:7125/printer/gcode/script - ERROR
2026-03-28 05:28:55 - WebSocket connection lost, restarting... - WARNING
2026-03-28 05:34:13 - WebSocket connection lost, restarting... - WARNING
2026-03-28 05:46:36 - New Printjob! Generating thumbnail for 'FirstLayerCalibration-FirstLayer_ASA_2m22s.gcode' - ERROR
2026-03-28 05:46:36 - thumbnail transmission. stopping other serial transmissions temporarily - WARNING
2026-03-28 05:58:49 - WebSocket connection lost, restarting... - WARNING
2026-03-28 06:31:01 - WebSocket connection lost, restarting... - WARNING
2026-03-28 15:33:44 - WebSocket connection lost, restarting... - WARNING
2026-03-28 15:34:02 - WebSocket connection lost, restarting... - WARNING
2026-03-28 16:18:35 - WebSocket connection lost, restarting... - WARNING
2026-03-28 16:40:53 - WebSocket connection lost, restarting... - WARNING
2026-03-28 17:29:01 - WebSocket connection lost, restarting... - WARNING
2026-03-28 17:41:25 - WebSocket connection lost, restarting... - WARNING
